\BOOKMARK [1][-]{Doc-Start}{\376\377\000D\000o\000c\000u\000m\000e\000n\000t\000\040\000c\000o\000n\000t\000r\000o\000l}{}% 1
\BOOKMARK [1][-]{table.1}{\376\377\000R\000e\000v\000i\000s\000i\000o\000n\000\040\000h\000i\000s\000t\000o\000r\000y}{}% 2
\BOOKMARK [1][-]{table.2}{\376\377\000A\000p\000p\000r\000o\000v\000a\000l\000\040\000r\000e\000c\000o\000r\000d}{}% 3
\BOOKMARK [1][-]{section.1}{\376\377\000P\000u\000r\000p\000o\000s\000e\000\040\000a\000n\000d\000\040\000s\000c\000o\000p\000e}{}% 4
\BOOKMARK [1][-]{section.2}{\376\377\000N\000o\000r\000m\000a\000t\000i\000v\000e\000\040\000l\000a\000n\000g\000u\000a\000g\000e\000\040\000a\000n\000d\000\040\000d\000e\000f\000i\000n\000i\000t\000i\000o\000n\000s}{}% 5
\BOOKMARK [1][-]{section.3}{\376\377\000S\000y\000s\000t\000e\000m\000\040\000a\000r\000c\000h\000i\000t\000e\000c\000t\000u\000r\000e}{}% 6
\BOOKMARK [1][-]{section.4}{\376\377\000S\000k\000i\000n\000-\000c\000o\000n\000t\000a\000c\000t\000\040\000i\000n\000t\000e\000r\000f\000a\000c\000e\000\040\000l\000a\000y\000e\000r}{}% 7
\BOOKMARK [2][-]{subsection.4.1}{\376\377\000C\000o\000m\000p\000o\000s\000i\000t\000i\000o\000n\000\040\000a\000n\000d\000\040\000b\000i\000o\000l\000o\000g\000i\000c\000a\000l\000\040\000c\000o\000n\000t\000r\000o\000l\000s}{section.4}% 8
\BOOKMARK [2][-]{subsection.4.2}{\376\377\000P\000h\000y\000s\000i\000c\000a\000l\000\040\000r\000e\000q\000u\000i\000r\000e\000m\000e\000n\000t\000s}{section.4}% 9
\BOOKMARK [1][-]{section.5}{\376\377\000M\000i\000c\000r\000o\000f\000i\000b\000e\000r\000\040\000s\000u\000i\000t}{}% 10
\BOOKMARK [1][-]{section.6}{\376\377\000S\000e\000n\000s\000o\000r\000s\000\040\000a\000n\000d\000\040\000a\000c\000q\000u\000i\000s\000i\000t\000i\000o\000n}{}% 11
\BOOKMARK [1][-]{section.7}{\376\377\000P\000o\000w\000e\000r\000\040\000a\000r\000c\000h\000i\000t\000e\000c\000t\000u\000r\000e}{}% 12
\BOOKMARK [1][-]{section.8}{\376\377\000T\000e\000l\000e\000m\000e\000t\000r\000y\000\040\000a\000n\000d\000\040\000d\000a\000t\000a\000\040\000i\000n\000t\000e\000g\000r\000i\000t\000y}{}% 13
\BOOKMARK [1][-]{section.9}{\376\377\000F\000a\000i\000l\000-\000s\000a\000f\000e\000\040\000a\000n\000d\000\040\000i\000s\000o\000l\000a\000t\000i\000o\000n\000\040\000b\000e\000h\000a\000v\000i\000o\000r}{}% 14
\BOOKMARK [1][-]{section.10}{\376\377\000C\000y\000b\000e\000r\000s\000e\000c\000u\000r\000i\000t\000y\000\040\000a\000n\000d\000\040\000l\000i\000f\000e\000c\000y\000c\000l\000e\000\040\000c\000o\000n\000t\000r\000o\000l\000s}{}% 15
\BOOKMARK [1][-]{section.11}{\376\377\000V\000e\000r\000i\000f\000i\000c\000a\000t\000i\000o\000n\000\040\000a\000n\000d\000\040\000v\000a\000l\000i\000d\000a\000t\000i\000o\000n}{}% 16
\BOOKMARK [1][-]{section.12}{\376\377\000O\000p\000e\000n\000\040\000d\000e\000c\000i\000s\000i\000o\000n\000s\000\040\000a\000n\000d\000\040\000d\000e\000s\000i\000g\000n\000-\000f\000r\000e\000e\000z\000e\000\040\000g\000a\000t\000e\000s}{}% 17
\BOOKMARK [1][-]{section.13}{\376\377\000C\000o\000n\000c\000l\000u\000s\000i\000o\000n}{}% 18
\BOOKMARK [1][-]{appendix.A}{\376\377\000R\000e\000q\000u\000i\000r\000e\000m\000e\000n\000t\000s\000\040\000t\000r\000a\000c\000e\000a\000b\000i\000l\000i\000t\000y\000\040\000t\000e\000m\000p\000l\000a\000t\000e}{}% 19
\BOOKMARK [1][-]{appendix.B}{\376\377\000I\000m\000p\000l\000e\000m\000e\000n\000t\000a\000t\000i\000o\000n\000\040\000r\000e\000p\000o\000s\000i\000t\000o\000r\000y\000\040\000s\000t\000r\000u\000c\000t\000u\000r\000e}{}% 20
\BOOKMARK [1][-]{appendix.C}{\376\377\000R\000e\000f\000e\000r\000e\000n\000c\000e\000\040\000s\000o\000u\000r\000c\000e\000s}{}% 21
